../Drivers/STM32F4xx_HAL_Driver/Inc/stm32f4xx_ll_tim.h:1116:22:LL_TIM_EnableCounter	16	static
../Drivers/STM32F4xx_HAL_Driver/Inc/stm32f4xx_ll_tim.h:1612:22:LL_TIM_CC_EnableChannel	16	static
../Drivers/STM32F4xx_HAL_Driver/Inc/stm32f4xx_ll_tim.h:1637:22:LL_TIM_CC_DisableChannel	16	static
../Drivers/STM32F4xx_HAL_Driver/Inc/stm32f4xx_ll_tim.h:3460:22:LL_TIM_EnableIT_UPDATE	16	static
../Drivers/STM32F4xx_HAL_Driver/Inc/stm32f4xx_ll_usart.h:1814:26:LL_USART_IsActiveFlag_TXE	16	static
../Drivers/STM32F4xx_HAL_Driver/Inc/stm32f4xx_ll_usart.h:2035:22:LL_USART_EnableIT_RXNE	40	static,ignoring_inline_asm
../Drivers/STM32F4xx_HAL_Driver/Inc/stm32f4xx_ll_usart.h:2426:22:LL_USART_TransmitData8	16	static
../Drivers/STM32F4xx_HAL_Driver/Inc/stm32f4xx_ll_gpio.h:881:22:LL_GPIO_SetOutputPin	16	static
../Drivers/STM32F4xx_HAL_Driver/Inc/stm32f4xx_ll_gpio.h:910:22:LL_GPIO_ResetOutputPin	16	static
../Drivers/STM32F4xx_HAL_Driver/Inc/stm32f4xx_ll_gpio.h:939:22:LL_GPIO_TogglePin	24	static
../Core/Src/main.c:42:5:_write	32	static
../Core/Src/main.c:137:5:main	136	static
../Core/Src/main.c:788:6:SystemClock_Config	88	static
../Core/Src/main.c:830:5:Is_iBus_Throttle_Min	8	static
../Core/Src/main.c:845:5:Is_iBus_Received	8	static
../Core/Src/main.c:860:6:ESC_Calibration	8	static
../Core/Src/main.c:874:6:BNO080_Calibration	96	static
../Core/Src/main.c:996:6:HAL_UART_RxCpltCallback	16	static
../Core/Src/main.c:1035:6:Encode_Msg_AHRS	24	static
../Core/Src/main.c:1071:6:Encode_Msg_GPS	24	static
../Core/Src/main.c:1105:6:Encode_Msg_PID_Gain	40	static
../Core/Src/main.c:1135:6:Error_Handler	4	static,ignoring_inline_asm
