../Drivers/STM32F4xx_HAL_Driver/Inc/stm32f4xx_ll_tim.h:1116:22:LL_TIM_EnableCounter	1
../Drivers/STM32F4xx_HAL_Driver/Inc/stm32f4xx_ll_tim.h:1612:22:LL_TIM_CC_EnableChannel	1
../Drivers/STM32F4xx_HAL_Driver/Inc/stm32f4xx_ll_tim.h:1637:22:LL_TIM_CC_DisableChannel	1
../Drivers/STM32F4xx_HAL_Driver/Inc/stm32f4xx_ll_tim.h:3460:22:LL_TIM_EnableIT_UPDATE	1
../Drivers/STM32F4xx_HAL_Driver/Inc/stm32f4xx_ll_usart.h:1814:26:LL_USART_IsActiveFlag_TXE	1
../Drivers/STM32F4xx_HAL_Driver/Inc/stm32f4xx_ll_usart.h:2035:22:LL_USART_EnableIT_RXNE	2
../Drivers/STM32F4xx_HAL_Driver/Inc/stm32f4xx_ll_usart.h:2426:22:LL_USART_TransmitData8	1
../Drivers/STM32F4xx_HAL_Driver/Inc/stm32f4xx_ll_gpio.h:881:22:LL_GPIO_SetOutputPin	1
../Drivers/STM32F4xx_HAL_Driver/Inc/stm32f4xx_ll_gpio.h:910:22:LL_GPIO_ResetOutputPin	1
../Drivers/STM32F4xx_HAL_Driver/Inc/stm32f4xx_ll_gpio.h:939:22:LL_GPIO_TogglePin	1
../Core/Src/main.c:42:5:_write	3
../Core/Src/main.c:136:5:main	62
../Core/Src/main.c:739:6:SystemClock_Config	3
../Core/Src/main.c:781:5:Is_iBus_Throttle_Min	4
../Core/Src/main.c:796:5:Is_iBus_Received	3
../Core/Src/main.c:811:6:ESC_Calibration	1
../Core/Src/main.c:825:6:BNO080_Calibration	17
../Core/Src/main.c:947:6:HAL_UART_RxCpltCallback	8
../Core/Src/main.c:986:6:Encode_Msg_AHRS	2
../Core/Src/main.c:1022:6:Encode_Msg_GPS	4
../Core/Src/main.c:1056:6:Encode_Msg_PID_Gain	2
../Core/Src/main.c:1086:6:Error_Handler	1
