16:27:31 **** Incremental Build of configuration Debug for project Project_drone ****
make -j8 all 
arm-none-eabi-gcc "../Core/Src/main.c" -mcpu=cortex-m4 -std=gnu11 -g3 -DDEBUG -DUSE_HAL_DRIVER -DSTM32F405xx -DUSE_FULL_LL_DRIVER -c -I../Core/Inc -I../Drivers/STM32F4xx_HAL_Driver/Inc -I../Drivers/STM32F4xx_HAL_Driver/Inc/Legacy -I../Drivers/CMSIS/Device/ST/STM32F4xx/Include -I../Drivers/CMSIS/Include -O0 -ffunction-sections -fdata-sections -Wall -fstack-usage -fcyclomatic-complexity -MMD -MP -MF"Core/Src/main.d" -MT"Core/Src/main.o" --specs=nano.specs -mfpu=fpv4-sp-d16 -mfloat-abi=hard -mthumb -o "Core/Src/main.o"
In file included from ../Core/Src/main.c:33:
../Core/Inc/ICM20602.h:64: warning: "CHIP_SELECT" redefined
   64 | #define CHIP_SELECT(ICM20602)           LL_GPIO_ResetOutputPin(ICM20602_SPI_CS_PORT, ICM20602_SPI_CS_PIN)
      | 
In file included from ../Core/Src/main.c:31:
../Core/Inc/BNO080.h:87: note: this is the location of the previous definition
   87 | #define CHIP_SELECT(BNO080)             LL_GPIO_ResetOutputPin(BNO080_SPI_CS_PORT, BNO080_SPI_CS_PIN)
      | 
../Core/Inc/ICM20602.h:65: warning: "CHIP_DESELECT" redefined
   65 | #define CHIP_DESELECT(ICM20602)         LL_GPIO_SetOutputPin(ICM20602_SPI_CS_PORT, ICM20602_SPI_CS_PIN)
      | 
../Core/Inc/BNO080.h:88: note: this is the location of the previous definition
   88 | #define CHIP_DESELECT(BNO080)   LL_GPIO_SetOutputPin(BNO080_SPI_CS_PORT, BNO080_SPI_CS_PIN)
      | 
In file included from ../Core/Src/main.c:34:
../Core/Inc/LPS22HH.h:65: warning: "CHIP_SELECT" redefined
   65 | #define CHIP_SELECT(LPS22HH)            LL_GPIO_ResetOutputPin(LPS22HH_SPI_CS_PORT, LPS22HH_SPI_CS_PIN)
      | 
../Core/Inc/ICM20602.h:64: note: this is the location of the previous definition
   64 | #define CHIP_SELECT(ICM20602)           LL_GPIO_ResetOutputPin(ICM20602_SPI_CS_PORT, ICM20602_SPI_CS_PIN)
      | 
../Core/Inc/LPS22HH.h:66: warning: "CHIP_DESELECT" redefined
   66 | #define CHIP_DESELECT(LPS22HH)          LL_GPIO_SetOutputPin(LPS22HH_SPI_CS_PORT, LPS22HH_SPI_CS_PIN)
      | 
../Core/Inc/ICM20602.h:65: note: this is the location of the previous definition
   65 | #define CHIP_DESELECT(ICM20602)         LL_GPIO_SetOutputPin(ICM20602_SPI_CS_PORT, ICM20602_SPI_CS_PIN)
      | 
../Core/Inc/LPS22HH.h:79: warning: "WHO_AM_I" redefined
   79 | #define WHO_AM_I                0x0F
      | 
../Core/Inc/ICM20602.h:132: note: this is the location of the previous definition
  132 | #define WHO_AM_I        0x75 //The default value of the register is 0x12.
      | 
../Core/Inc/LPS22HH.h:98: warning: "TEMP_OUT_L" redefined
   98 | #define TEMP_OUT_L              0x2B
      | 
../Core/Inc/ICM20602.h:111: note: this is the location of the previous definition
  111 | #define TEMP_OUT_L      0x42
      | 
../Core/Inc/LPS22HH.h:99: warning: "TEMP_OUT_H" redefined
   99 | #define TEMP_OUT_H              0x2C
      | 
../Core/Inc/ICM20602.h:110: note: this is the location of the previous definition
  110 | #define TEMP_OUT_H      0x41
      | 
../Core/Src/main.c: In function 'main':
../Core/Src/main.c:212:29: warning: passing argument 2 of 'HAL_ADC_Start_DMA' from incompatible pointer type [-Wincompatible-pointer-types]
  212 |   HAL_ADC_Start_DMA(&hadc1, &adcVal, 1); //Battery ADC
      |                             ^~~~~~~
      |                             |
      |                             short unsigned int *
In file included from ../Core/Inc/stm32f4xx_hal_conf.h:295,
                 from ../Drivers/STM32F4xx_HAL_Driver/Inc/stm32f4xx_hal.h:29,
                 from ../Core/Inc/main.h:30,
                 from ../Core/Src/main.c:20:
../Drivers/STM32F4xx_HAL_Driver/Inc/stm32f4xx_hal_adc.h:594:72: note: expected 'uint32_t *' {aka 'long unsigned int *'} but argument is of type 'short unsigned int *'
  594 | HAL_StatusTypeDef HAL_ADC_Start_DMA(ADC_HandleTypeDef *hadc, uint32_t *pData, uint32_t Length);
      |                                                              ~~~~~~~~~~^~~~~
../Core/Src/main.c:230:11: warning: implicit declaration of function 'printf' [-Wimplicit-function-declaration]
  230 |           printf("\nBNO080 failed. Program shutting down...\n");
      |           ^~~~~~
../Core/Src/main.c:38:1: note: include '<stdio.h>' or provide a declaration of 'printf'
   37 | #include "AT24C08.h"
  +++ |+#include <stdio.h>
   38 | /* USER CODE END Includes */
../Core/Src/main.c:230:11: warning: incompatible implicit declaration of built-in function 'printf' [-Wbuiltin-declaration-mismatch]
  230 |           printf("\nBNO080 failed. Program shutting down...\n");
      |           ^~~~~~
../Core/Src/main.c:230:11: note: include '<stdio.h>' or provide a declaration of 'printf'
../Core/Src/main.c:256:11: warning: incompatible implicit declaration of built-in function 'printf' [-Wbuiltin-declaration-mismatch]
  256 |           printf("\nICM-20602 failed. Program shutting down...\n");
      |           ^~~~~~
../Core/Src/main.c:256:11: note: include '<stdio.h>' or provide a declaration of 'printf'
../Core/Src/main.c:281:11: warning: incompatible implicit declaration of built-in function 'printf' [-Wbuiltin-declaration-mismatch]
  281 |           printf("\nLPS22HH failed. Program shutting down...\n");
      |           ^~~~~~
../Core/Src/main.c:281:11: note: include '<stdio.h>' or provide a declaration of 'printf'
../Core/Src/main.c:293:3: warning: incompatible implicit declaration of built-in function 'printf' [-Wbuiltin-declaration-mismatch]
  293 |   printf("All sensors OK!\n\n");
      |   ^~~~~~
../Core/Src/main.c:293:3: note: include '<stdio.h>' or provide a declaration of 'printf'
../Core/Src/main.c:298:3: warning: implicit declaration of function 'ICM20602_Writebyte' [-Wimplicit-function-declaration]
  298 |   ICM20602_Writebyte(0x13, (gyro_x_offset*-2)>>8);
      |   ^~~~~~~~~~~~~~~~~~
../Core/Src/main.c:161:15: warning: variable 'pitch_pid' set but not used [-Wunused-but-set-variable]
  161 |         float pitch_pid;
      |               ^~~~~~~~~
../Core/Src/main.c:144:23: warning: unused variable 'buf_write' [-Wunused-variable]
  144 |         unsigned char buf_write[16] = {1, 2, 3, 4, 5, 6, 7, 8, 9, 10, 11, 12, 13, 14, 15, 16};
      |                       ^~~~~~~~~
../Core/Src/main.c:143:23: warning: unused variable 'buf_read' [-Wunused-variable]
  143 |         unsigned char buf_read[16] = {1};
      |                       ^~~~~~~~
../Core/Src/main.c:142:15: warning: variable 'quatRadianAccuracy' set but not used [-Wunused-but-set-variable]
  142 |         float quatRadianAccuracy;
      |               ^~~~~~~~~~~~~~~~~~
../Core/Src/main.c: In function 'BNO080_Calibration':
../Core/Src/main.c:888:9: warning: incompatible implicit declaration of built-in function 'printf' [-Wbuiltin-declaration-mismatch]
  888 |         printf("Calibrating BNO080. Pull up FS-i6 SWC to end calibration and save to flash\n");
      |         ^~~~~~
../Core/Src/main.c:888:9: note: include '<stdio.h>' or provide a declaration of 'printf'
../Core/Src/main.c:906:31: warning: unused variable 'quatK' [-Wunused-variable]
  906 |                         float quatK = BNO080_getQuatK();
      |                               ^~~~~
../Core/Src/main.c:905:31: warning: unused variable 'quatJ' [-Wunused-variable]
  905 |                         float quatJ = BNO080_getQuatJ();
      |                               ^~~~~
arm-none-eabi-gcc -o "Project_drone.elf" @"objects.list"   -mcpu=cortex-m4 -T"C:\project_drone\Project_drone\STM32F405RGTX_FLASH.ld" --specs=nosys.specs -Wl,-Map="Project_drone.map" -Wl,--gc-sections -static -u _printf_float --specs=nano.specs -mfpu=fpv4-sp-d16 -mfloat-abi=hard -mthumb -Wl,--start-group -lc -lm -Wl,--end-group
Finished building target: Project_drone.elf
 
arm-none-eabi-size  Project_drone.elf 
arm-none-eabi-objdump -h -S Project_drone.elf  > "Project_drone.list"
   text	   data	    bss	    dec	    hex	filename
  65832	    472	   2808	  69112	  10df8	Project_drone.elf
Finished building: default.size.stdout
 
Finished building: Project_drone.list
 

16:27:35 Build Finished. 0 errors, 21 warnings. (took 3s.894ms)

